// Jest Snapshot v1, https://goo.gl/fbAQLP

exports[`withLoadable withLoadable Snapshot 1`] = `
<View
  style={
    Object {
      "alignItems": "center",
      "backgroundColor": "transparent",
      "flex": 1,
      "justifyContent": "center",
    }
  }
>
  <ActivityIndicator
    animating={true}
    color={Object {}}
    hidesWhenStopped={true}
    size="large"
  />
</View>
`;
